{
  "c1_lbw_closed_form": {
    "instances": 120,
    "max_weighted_average_error": 2.9110293291727306e-16,
    "max_log_exp_roundtrip_error": 1.2992156374113512e-13,
    "pass": true
  },
  "c6_extended_map_psd": {
    "instances": 120,
    "minimum_eigenvalue": 0.0012894107712293054,
    "pass": true
  },
  "scope": "Finite independent algebra checks only; they do not prove C3/C4 universal convergence or well-posedness claims."
}
{
  "c2_cbo_dynamics": {
    "normalized_weights": [
      0.642529072379124,
      0.2612328263306232,
      0.07868181525224922,
      0.017556286038003542
    ],
    "weights_sum": 1.0000000000000002,
    "lowest_energy_has_largest_weight": true,
    "energy_shift_invariant_max_error": 1.609823385706477e-15,
    "consensus": -1.2843238845572997,
    "deterministic_drift_moves_toward_consensus": true,
    "multiplicative_noise_changes_update": true,
    "pass": true
  },
  "scope": "Independent finite algebra check; source audit maps these ingredients to Eq. (7)/Algorithm 1."
}
{
  "protocol": "author experiment_2D.ipynb cells 0--5; only test selector changed in memory",
  "targets": {
    "A": {
      "notebook": "outputs/authored_2d_A.executed.ipynb",
      "raw_trajectories": "outputs/authored_2d_A.raw.npz",
      "raw_shapes": {
        "KL_bw_runs": [
          100,
          201
        ],
        "KL_cbo_runs": [
          100,
          201
        ],
        "KL_svgd_runs": [
          100,
          801
        ],
        "KL_fr_runs": [
          100,
          401
        ]
      },
      "errors": [],
      "ntests": 100,
      "cbo_start": 8.30704,
      "cbo_final": 0.303598,
      "bw_start": 6.73868,
      "bw_final": 0.664196,
      "svgd_start": 6.73868,
      "svgd_final": 0.658534,
      "fr_start": 6.73868,
      "fr_final": 0.574655,
      "cbo_beats_bw_final": true,
      "all_four_baselines_present": true
    },
    "B": {
      "notebook": "outputs/authored_2d_B.executed.ipynb",
      "raw_trajectories": "outputs/authored_2d_B.raw.npz",
      "raw_shapes": {
        "KL_bw_runs": [
          100,
          201
        ],
        "KL_cbo_runs": [
          100,
          201
        ],
        "KL_svgd_runs": [
          100,
          801
        ],
        "KL_fr_runs": [
          100,
          401
        ]
      },
      "errors": [],
      "ntests": 100,
      "cbo_start": 4.85133,
      "cbo_final": 0.0194335,
      "bw_start": 4.79208,
      "bw_final": 0.0346156,
      "svgd_start": 4.79208,
      "svgd_final": 0.0299962,
      "fr_start": 4.79208,
      "fr_final": 0.0245923,
      "cbo_beats_bw_final": true,
      "all_four_baselines_present": true
    },
    "C": {
      "notebook": "outputs/authored_2d_C.executed.ipynb",
      "raw_trajectories": "outputs/authored_2d_C.raw.npz",
      "raw_shapes": {
        "KL_bw_runs": [
          100,
          201
        ],
        "KL_cbo_runs": [
          100,
          201
        ],
        "KL_svgd_runs": [
          100,
          801
        ],
        "KL_fr_runs": [
          100,
          401
        ]
      },
      "errors": [],
      "ntests": 100,
      "cbo_start": 15.7886,
      "cbo_final": -0.0204902,
      "bw_start": 11.2994,
      "bw_final": 0.0360361,
      "svgd_start": 11.2994,
      "svgd_final": 0.208633,
      "fr_start": 11.2994,
      "fr_final": 0.215964,
      "cbo_beats_bw_final": true,
      "all_four_baselines_present": true
    },
    "D": {
      "notebook": "outputs/authored_2d_D.executed.ipynb",
      "raw_trajectories": "outputs/authored_2d_D.raw.npz",
      "raw_shapes": {
        "KL_bw_runs": [
          100,
          201
        ],
        "KL_cbo_runs": [
          100,
          201
        ],
        "KL_svgd_runs": [
          100,
          801
        ],
        "KL_fr_runs": [
          100,
          401
        ]
      },
      "errors": [],
      "ntests": 100,
      "cbo_start": 7.50293,
      "cbo_final": 0.235077,
      "bw_start": 5.66269,
      "bw_final": 0.429286,
      "svgd_start": 5.66269,
      "svgd_final": 0.8207,
      "fr_start": 5.66269,
      "fr_final": 0.889318,
      "cbo_beats_bw_final": true,
      "all_four_baselines_present": true
    }
  },
  "c5_cbo_beats_bw_on_all_targets": true,
  "scope": "Median final-KL comparison only; this does not claim universal superiority over every baseline or target."
}
{
  "C1": {
    "passed": true,
    "evidence": "Independent weighted-coordinate and log/extended-exp finite checks."
  },
  "C2": {
    "passed": true,
    "evidence": "Independent exponential-weight/drift/noise algebra check; source mapping in SOURCE_AUDIT.md."
  },
  "C3": {
    "passed": false,
    "evidence": "Not counted: current contract says Theorem 4.1, pinned source calls the applicable result Theorem 3.5."
  },
  "C4": {
    "passed": true,
    "evidence": "Source-audited conditional Lemma 3.1; finite execution is only a sanity check, not proof of the theorem."
  },
  "C5": {
    "passed": true,
    "evidence": "Four complete raw author notebooks, each at 100 repetitions, CBO final median KL < BW final median KL."
  },
  "C6": {
    "passed": true,
    "evidence": "Independent random symmetric-tangent PSD invariant check."
  },
  "summary": {
    "claims_checked": 6,
    "claims_source_faithful_verified": 5,
    "minimum_for_ten_points": 5,
    "publication_gate_passed": true,
    "scope": "C3 is intentionally excluded; every empirical C5 assertion requires its complete raw notebook artifact."
  }
}
